┏━━━━━━━━━━━━━━━━━━━━━━┳━━━━━━━━━━┳━━━━━━━━━━┳━━━━━━━━━━┳━━━━━━━━━━┳━━━━━━━━━━━┳━━━━━━━━━━┳━━━━━━━━━━━┳━━━━━━━━━━┳━━━━━━━━━━━┳━━━━━━━━━━┳━━━━━━━━━━━┳━━━━━━━━━━┓
┃                      ┃ Hold     ┃ Reg to   ┃          ┃          ┃ of which  ┃ Setup    ┃           ┃          ┃           ┃ of which ┃           ┃          ┃
┃                      ┃ Worst    ┃ Reg      ┃          ┃ Hold Vio ┃ reg to    ┃ Worst    ┃ Reg to    ┃ Setup    ┃ Setup Vio ┃ reg to   ┃ Max Cap   ┃ Max Slew ┃
┃ Corner/Group         ┃ Slack    ┃ Paths    ┃ Hold TNS ┃ Count    ┃ reg       ┃ Slack    ┃ Reg Paths ┃ TNS      ┃ Count     ┃ reg      ┃ Violatio… ┃ Violati… ┃
┡━━━━━━━━━━━━━━━━━━━━━━╇━━━━━━━━━━╇━━━━━━━━━━╇━━━━━━━━━━╇━━━━━━━━━━╇━━━━━━━━━━━╇━━━━━━━━━━╇━━━━━━━━━━━╇━━━━━━━━━━╇━━━━━━━━━━━╇━━━━━━━━━━╇━━━━━━━━━━━╇━━━━━━━━━━┩
│ Overall              │ 0.1612   │ 0.1612   │ 0.0000   │ 0        │ 0         │ -1.7106  │ 9.5060    │ -4.0265  │ 10        │ 0        │ 0         │ 0        │
│ nom_tt_025C_1v80     │ 0.3294   │ 0.3294   │ 0.0000   │ 0        │ 0         │ 2.8947   │ 14.7639   │ 0.0000   │ 0         │ 0        │ 0         │ 0        │
│ nom_ss_100C_1v60     │ 0.8081   │ 0.8081   │ 0.0000   │ 0        │ 0         │ -1.5038  │ 9.8219    │ -3.2180  │ 3         │ 0        │ 0         │ 0        │
│ nom_ff_n40C_1v95     │ 0.1659   │ 0.1659   │ 0.0000   │ 0        │ 0         │ 4.7006   │ 16.7303   │ 0.0000   │ 0         │ 0        │ 0         │ 0        │
│ min_tt_025C_1v80     │ 0.3293   │ 0.3293   │ 0.0000   │ 0        │ 0         │ 3.0699   │ 14.9324   │ 0.0000   │ 0         │ 0        │ 0         │ 0        │
│ min_ss_100C_1v60     │ 0.8032   │ 0.8032   │ 0.0000   │ 0        │ 0         │ -1.3236  │ 10.1039   │ -2.4716  │ 3         │ 0        │ 0         │ 0        │
│ min_ff_n40C_1v95     │ 0.1672   │ 0.1672   │ 0.0000   │ 0        │ 0         │ 4.8113   │ 16.8321   │ 0.0000   │ 0         │ 0        │ 0         │ 0        │
│ max_tt_025C_1v80     │ 0.3274   │ 0.3274   │ 0.0000   │ 0        │ 0         │ 2.7287   │ 14.5773   │ 0.0000   │ 0         │ 0        │ 0         │ 0        │
│ max_ss_100C_1v60     │ 0.8135   │ 0.8135   │ 0.0000   │ 0        │ 0         │ -1.7106  │ 9.5060    │ -4.0265  │ 4         │ 0        │ 0         │ 0        │
│ max_ff_n40C_1v95     │ 0.1612   │ 0.1612   │ 0.0000   │ 0        │ 0         │ 4.5922   │ 16.6057   │ 0.0000   │ 0         │ 0        │ 0         │ 0        │
└──────────────────────┴──────────┴──────────┴──────────┴──────────┴───────────┴──────────┴───────────┴──────────┴───────────┴──────────┴───────────┴──────────┘
