┏━━━━━━━┳━━━━━━━━━┳━━━━━━━━━━┳━━━━━━━━━━━━━━━━━━━━━━━━━━━┳━━━━━━━━━━━━━━┳━━━━━━━┓
┃ P / R ┃ Partial ┃ Required ┃ Net                       ┃ Pin          ┃ Layer ┃
┡━━━━━━━╇━━━━━━━━━╇━━━━━━━━━━╇━━━━━━━━━━━━━━━━━━━━━━━━━━━╇━━━━━━━━━━━━━━╇━━━━━━━┩
│ 2.66  │ 1064.23 │ 400.00   │ _06174_                   │ fanout707/A  │ met3  │
│ 2.56  │ 1025.91 │ 400.00   │ _06434_                   │ _14776_/A2   │ met3  │
│ 2.44  │ 976.81  │ 400.00   │ _00030_                   │ _23146_/D    │ met1  │
│ 2.28  │ 913.03  │ 400.00   │ _06442_                   │ _14792_/A2   │ met3  │
│ 2.24  │ 897.30  │ 400.00   │ net1072                   │ wire1073/A   │ met2  │
│ 2.24  │ 896.73  │ 400.00   │ _06142_                   │ _13612_/S    │ met3  │
│ 1.71  │ 684.53  │ 400.00   │ _00076_                   │ _22501_/D    │ met2  │
│ 1.49  │ 596.00  │ 400.00   │ _05137_                   │ _11627_/A1   │ met3  │
│ 1.40  │ 558.89  │ 400.00   │ net1702                   │ _13599_/A0   │ met1  │
│ 1.39  │ 557.61  │ 400.00   │ _07315_                   │ fanout1004/A │ met3  │
│ 1.38  │ 550.24  │ 400.00   │ rx_buffer_inst._104_[19\] │ _14931_/A1   │ met3  │
│ 1.33  │ 530.75  │ 400.00   │ net1092                   │ _13534_/A1   │ met1  │
│ 1.24  │ 495.72  │ 400.00   │ net990                    │ _13335_/B    │ met2  │
│ 1.21  │ 485.79  │ 400.00   │ net93                     │ _14855_/A1   │ met1  │
│ 1.15  │ 458.89  │ 400.00   │ net1152                   │ _13686_/A1   │ met1  │
│ 1.13  │ 453.00  │ 400.00   │ _07673_                   │ _10809_/D_N  │ met1  │
│ 1.12  │ 447.90  │ 400.00   │ net722                    │ _12933_/C    │ met3  │
│ 1.07  │ 426.35  │ 400.00   │ _04525_                   │ _16265_/A1   │ met3  │
│ 1.06  │ 425.33  │ 400.00   │ net1066                   │ _13839_/A0   │ met1  │
│ 1.02  │ 409.28  │ 400.00   │ _06175_                   │ fanout703/A  │ met3  │
│ 1.02  │ 409.28  │ 400.00   │ _06175_                   │ fanout705/A  │ met3  │
└───────┴─────────┴──────────┴───────────────────────────┴──────────────┴───────┘
